15-Dec-2025 18:28:48.394 INFO [main] org.apache.catalina.startup.VersionLoggerListener.log Имя версии сервера:    Apache Tomcat/9.0.112
15-Dec-2025 18:28:48.397 INFO [main] org.apache.catalina.startup.VersionLoggerListener.log Сервер собран:         Nov 6 2025 07:46:18 UTC
15-Dec-2025 18:28:48.397 INFO [main] org.apache.catalina.startup.VersionLoggerListener.log Номер версии сервера:  9.0.112.0
15-Dec-2025 18:28:48.397 INFO [main] org.apache.catalina.startup.VersionLoggerListener.log OS Name:               Mac OS X
15-Dec-2025 18:28:48.397 INFO [main] org.apache.catalina.startup.VersionLoggerListener.log Версия ОС:             15.6.1
15-Dec-2025 18:28:48.397 INFO [main] org.apache.catalina.startup.VersionLoggerListener.log Архитектура:           aarch64
15-Dec-2025 18:28:48.397 INFO [main] org.apache.catalina.startup.VersionLoggerListener.log Java Home:             /Users/plushavey/Library/Java/JavaVirtualMachines/corretto-23.0.2/Contents/Home
15-Dec-2025 18:28:48.397 INFO [main] org.apache.catalina.startup.VersionLoggerListener.log Версия JVM:            23.0.2+7-FR
15-Dec-2025 18:28:48.397 INFO [main] org.apache.catalina.startup.VersionLoggerListener.log Производитель JVM:     Amazon.com Inc.
15-Dec-2025 18:28:48.397 INFO [main] org.apache.catalina.startup.VersionLoggerListener.log CATALINA_BASE:         /Users/plushavey/Desktop/TP_Projects/WebServletV3/tomcat
15-Dec-2025 18:28:48.397 INFO [main] org.apache.catalina.startup.VersionLoggerListener.log CATALINA_HOME:         /Users/plushavey/Desktop/TP_Projects/WebServletV3/tomcat
15-Dec-2025 18:28:48.410 INFO [main] org.apache.catalina.startup.VersionLoggerListener.log Command line argument: --add-opens=java.base/java.lang=ALL-UNNAMED
15-Dec-2025 18:28:48.410 INFO [main] org.apache.catalina.startup.VersionLoggerListener.log Command line argument: --add-opens=java.base/java.lang.invoke=ALL-UNNAMED
15-Dec-2025 18:28:48.410 INFO [main] org.apache.catalina.startup.VersionLoggerListener.log Command line argument: --add-opens=java.base/java.lang.reflect=ALL-UNNAMED
15-Dec-2025 18:28:48.410 INFO [main] org.apache.catalina.startup.VersionLoggerListener.log Command line argument: --add-opens=java.base/java.io=ALL-UNNAMED
15-Dec-2025 18:28:48.410 INFO [main] org.apache.catalina.startup.VersionLoggerListener.log Command line argument: --add-opens=java.base/java.util=ALL-UNNAMED
15-Dec-2025 18:28:48.410 INFO [main] org.apache.catalina.startup.VersionLoggerListener.log Command line argument: --add-opens=java.base/java.util.concurrent=ALL-UNNAMED
15-Dec-2025 18:28:48.410 INFO [main] org.apache.catalina.startup.VersionLoggerListener.log Command line argument: --add-opens=java.rmi/sun.rmi.transport=ALL-UNNAMED
15-Dec-2025 18:28:48.410 INFO [main] org.apache.catalina.startup.VersionLoggerListener.log Command line argument: -Djava.util.logging.config.file=/Users/plushavey/Desktop/TP_Projects/WebServletV3/tomcat/conf/logging.properties
15-Dec-2025 18:28:48.410 INFO [main] org.apache.catalina.startup.VersionLoggerListener.log Command line argument: -Djava.util.logging.manager=org.apache.juli.ClassLoaderLogManager
15-Dec-2025 18:28:48.410 INFO [main] org.apache.catalina.startup.VersionLoggerListener.log Command line argument: -Djdk.tls.ephemeralDHKeySize=2048
15-Dec-2025 18:28:48.410 INFO [main] org.apache.catalina.startup.VersionLoggerListener.log Command line argument: -Djava.protocol.handler.pkgs=org.apache.catalina.webresources
15-Dec-2025 18:28:48.410 INFO [main] org.apache.catalina.startup.VersionLoggerListener.log Command line argument: -Dsun.io.useCanonCaches=false
15-Dec-2025 18:28:48.411 INFO [main] org.apache.catalina.startup.VersionLoggerListener.log Command line argument: -Dorg.apache.catalina.security.SecurityListener.UMASK=0027
15-Dec-2025 18:28:48.411 INFO [main] org.apache.catalina.startup.VersionLoggerListener.log Command line argument: -Dignore.endorsed.dirs=
15-Dec-2025 18:28:48.411 INFO [main] org.apache.catalina.startup.VersionLoggerListener.log Command line argument: -Dcatalina.base=/Users/plushavey/Desktop/TP_Projects/WebServletV3/tomcat
15-Dec-2025 18:28:48.411 INFO [main] org.apache.catalina.startup.VersionLoggerListener.log Command line argument: -Dcatalina.home=/Users/plushavey/Desktop/TP_Projects/WebServletV3/tomcat
15-Dec-2025 18:28:48.411 INFO [main] org.apache.catalina.startup.VersionLoggerListener.log Command line argument: -Djava.io.tmpdir=/Users/plushavey/Desktop/TP_Projects/WebServletV3/tomcat/temp
15-Dec-2025 18:28:48.417 INFO [main] org.apache.catalina.core.AprLifecycleListener.lifecycleEvent The Apache Tomcat Native library which allows using OpenSSL was not found on the java.library.path: [/Users/plushavey/Library/Java/Extensions:/Library/Java/Extensions:/Network/Library/Java/Extensions:/System/Library/Java/Extensions:/usr/lib/java:.]
15-Dec-2025 18:28:48.585 INFO [main] org.apache.coyote.AbstractProtocol.init Инициализация ProtocolHandler ["http-nio-8080"]
15-Dec-2025 18:28:48.599 INFO [main] org.apache.catalina.startup.Catalina.load Server initialization in [309] milliseconds
15-Dec-2025 18:28:48.617 INFO [main] org.apache.catalina.core.StandardService.startInternal Starting service [Catalina]
15-Dec-2025 18:28:48.617 INFO [main] org.apache.catalina.core.StandardEngine.startInternal Starting Servlet engine: [Apache Tomcat/9.0.112]
15-Dec-2025 18:28:48.624 INFO [main] org.apache.catalina.startup.HostConfig.deployWAR Deploying web application archive [/Users/plushavey/Desktop/TP_Projects/WebServletV3/tomcat/webapps/WebServletV3.war]
15-Dec-2025 18:28:48.770 INFO [main] org.apache.catalina.startup.HostConfig.deployWAR Deployment of web application archive [/Users/plushavey/Desktop/TP_Projects/WebServletV3/tomcat/webapps/WebServletV3.war] has finished in [144] ms
15-Dec-2025 18:28:48.770 INFO [main] org.apache.catalina.startup.HostConfig.deployDirectory Установка веб приложения в папку [/Users/plushavey/Desktop/TP_Projects/WebServletV3/tomcat/webapps/docs]
15-Dec-2025 18:28:48.783 INFO [main] org.apache.catalina.startup.HostConfig.deployDirectory Deployment of web application directory [/Users/plushavey/Desktop/TP_Projects/WebServletV3/tomcat/webapps/docs] has finished in [12] ms
15-Dec-2025 18:28:48.783 INFO [main] org.apache.catalina.startup.HostConfig.deployDirectory Установка веб приложения в папку [/Users/plushavey/Desktop/TP_Projects/WebServletV3/tomcat/webapps/manager]
15-Dec-2025 18:28:48.799 INFO [main] org.apache.catalina.startup.HostConfig.deployDirectory Deployment of web application directory [/Users/plushavey/Desktop/TP_Projects/WebServletV3/tomcat/webapps/manager] has finished in [16] ms
15-Dec-2025 18:28:48.799 INFO [main] org.apache.catalina.startup.HostConfig.deployDirectory Установка веб приложения в папку [/Users/plushavey/Desktop/TP_Projects/WebServletV3/tomcat/webapps/examples]
15-Dec-2025 18:28:48.905 INFO [main] org.apache.catalina.startup.HostConfig.deployDirectory Deployment of web application directory [/Users/plushavey/Desktop/TP_Projects/WebServletV3/tomcat/webapps/examples] has finished in [106] ms
15-Dec-2025 18:28:48.906 INFO [main] org.apache.catalina.startup.HostConfig.deployDirectory Установка веб приложения в папку [/Users/plushavey/Desktop/TP_Projects/WebServletV3/tomcat/webapps/ROOT]
15-Dec-2025 18:28:48.913 INFO [main] org.apache.catalina.startup.HostConfig.deployDirectory Deployment of web application directory [/Users/plushavey/Desktop/TP_Projects/WebServletV3/tomcat/webapps/ROOT] has finished in [7] ms
15-Dec-2025 18:28:48.913 INFO [main] org.apache.catalina.startup.HostConfig.deployDirectory Установка веб приложения в папку [/Users/plushavey/Desktop/TP_Projects/WebServletV3/tomcat/webapps/host-manager]
15-Dec-2025 18:28:48.922 INFO [main] org.apache.catalina.startup.HostConfig.deployDirectory Deployment of web application directory [/Users/plushavey/Desktop/TP_Projects/WebServletV3/tomcat/webapps/host-manager] has finished in [9] ms
15-Dec-2025 18:28:48.924 INFO [main] org.apache.coyote.AbstractProtocol.start Starting ProtocolHandler ["http-nio-8080"]
15-Dec-2025 18:28:48.928 INFO [main] org.apache.catalina.startup.Catalina.start Server startup in [328] milliseconds
15-Dec-2025 18:34:03.831 INFO [main] org.apache.catalina.core.StandardServer.await A valid shutdown command was received via the shutdown port. Stopping the Server instance.
15-Dec-2025 18:34:03.832 INFO [main] org.apache.coyote.AbstractProtocol.pause Pausing ProtocolHandler ["http-nio-8080"]
15-Dec-2025 18:34:03.835 INFO [main] org.apache.catalina.core.StandardService.stopInternal Stopping service [Catalina]
15-Dec-2025 18:34:03.850 INFO [main] org.apache.coyote.AbstractProtocol.stop Stopping ProtocolHandler ["http-nio-8080"]
15-Dec-2025 18:34:03.860 INFO [main] org.apache.coyote.AbstractProtocol.destroy Destroying ProtocolHandler ["http-nio-8080"]
