11-Dec-2025 10:39:02.216 INFO [main] org.apache.catalina.core.ApplicationContext.log ContextListener: contextInitialized()
11-Dec-2025 10:39:02.216 INFO [main] org.apache.catalina.core.ApplicationContext.log SessionListener: contextInitialized()
11-Dec-2025 10:39:02.216 INFO [main] org.apache.catalina.core.ApplicationContext.log ContextListener: attributeAdded('StockTicker', 'async.Stockticker@5bd73d1a')
11-Dec-2025 14:11:59.417 INFO [main] org.apache.catalina.core.ApplicationContext.log SessionListener: contextDestroyed()
11-Dec-2025 14:11:59.417 INFO [main] org.apache.catalina.core.ApplicationContext.log ContextListener: contextDestroyed()
11-Dec-2025 14:19:57.449 INFO [main] org.apache.catalina.core.ApplicationContext.log ContextListener: contextInitialized()
11-Dec-2025 14:19:57.449 INFO [main] org.apache.catalina.core.ApplicationContext.log SessionListener: contextInitialized()
11-Dec-2025 14:19:57.449 INFO [main] org.apache.catalina.core.ApplicationContext.log ContextListener: attributeAdded('StockTicker', 'async.Stockticker@40bffbca')
11-Dec-2025 14:20:33.569 INFO [main] org.apache.catalina.core.ApplicationContext.log SessionListener: contextDestroyed()
11-Dec-2025 14:20:33.569 INFO [main] org.apache.catalina.core.ApplicationContext.log ContextListener: contextDestroyed()
11-Dec-2025 14:20:36.269 INFO [main] org.apache.catalina.core.ApplicationContext.log ContextListener: contextInitialized()
11-Dec-2025 14:20:36.269 INFO [main] org.apache.catalina.core.ApplicationContext.log SessionListener: contextInitialized()
11-Dec-2025 14:20:36.270 INFO [main] org.apache.catalina.core.ApplicationContext.log ContextListener: attributeAdded('StockTicker', 'async.Stockticker@c1fca1e')
11-Dec-2025 14:21:11.827 INFO [main] org.apache.catalina.core.ApplicationContext.log SessionListener: contextDestroyed()
11-Dec-2025 14:21:11.828 INFO [main] org.apache.catalina.core.ApplicationContext.log ContextListener: contextDestroyed()
11-Dec-2025 14:21:14.532 INFO [main] org.apache.catalina.core.ApplicationContext.log ContextListener: contextInitialized()
11-Dec-2025 14:21:14.532 INFO [main] org.apache.catalina.core.ApplicationContext.log SessionListener: contextInitialized()
11-Dec-2025 14:21:14.532 INFO [main] org.apache.catalina.core.ApplicationContext.log ContextListener: attributeAdded('StockTicker', 'async.Stockticker@3b1bb3ab')
11-Dec-2025 14:23:54.052 INFO [main] org.apache.catalina.core.ApplicationContext.log SessionListener: contextDestroyed()
11-Dec-2025 14:23:54.052 INFO [main] org.apache.catalina.core.ApplicationContext.log ContextListener: contextDestroyed()
11-Dec-2025 14:23:56.809 INFO [main] org.apache.catalina.core.ApplicationContext.log ContextListener: contextInitialized()
11-Dec-2025 14:23:56.809 INFO [main] org.apache.catalina.core.ApplicationContext.log SessionListener: contextInitialized()
11-Dec-2025 14:23:56.810 INFO [main] org.apache.catalina.core.ApplicationContext.log ContextListener: attributeAdded('StockTicker', 'async.Stockticker@5ea502e0')
11-Dec-2025 14:29:03.954 INFO [main] org.apache.catalina.core.ApplicationContext.log SessionListener: contextDestroyed()
11-Dec-2025 14:29:03.954 INFO [main] org.apache.catalina.core.ApplicationContext.log ContextListener: contextDestroyed()
11-Dec-2025 14:29:06.676 INFO [main] org.apache.catalina.core.ApplicationContext.log ContextListener: contextInitialized()
11-Dec-2025 14:29:06.676 INFO [main] org.apache.catalina.core.ApplicationContext.log SessionListener: contextInitialized()
11-Dec-2025 14:29:06.677 INFO [main] org.apache.catalina.core.ApplicationContext.log ContextListener: attributeAdded('StockTicker', 'async.Stockticker@5ea502e0')
11-Dec-2025 15:10:11.324 INFO [main] org.apache.catalina.core.ApplicationContext.log SessionListener: contextDestroyed()
11-Dec-2025 15:10:11.325 INFO [main] org.apache.catalina.core.ApplicationContext.log ContextListener: contextDestroyed()
11-Dec-2025 15:10:14.081 INFO [main] org.apache.catalina.core.ApplicationContext.log ContextListener: contextInitialized()
11-Dec-2025 15:10:14.081 INFO [main] org.apache.catalina.core.ApplicationContext.log SessionListener: contextInitialized()
11-Dec-2025 15:10:14.082 INFO [main] org.apache.catalina.core.ApplicationContext.log ContextListener: attributeAdded('StockTicker', 'async.Stockticker@57f791c6')
11-Dec-2025 15:16:05.028 INFO [main] org.apache.catalina.core.ApplicationContext.log SessionListener: contextDestroyed()
11-Dec-2025 15:16:05.028 INFO [main] org.apache.catalina.core.ApplicationContext.log ContextListener: contextDestroyed()
11-Dec-2025 15:16:07.789 INFO [main] org.apache.catalina.core.ApplicationContext.log ContextListener: contextInitialized()
11-Dec-2025 15:16:07.790 INFO [main] org.apache.catalina.core.ApplicationContext.log SessionListener: contextInitialized()
11-Dec-2025 15:16:07.790 INFO [main] org.apache.catalina.core.ApplicationContext.log ContextListener: attributeAdded('StockTicker', 'async.Stockticker@37d80fe7')
11-Dec-2025 16:02:46.444 INFO [main] org.apache.catalina.core.ApplicationContext.log SessionListener: contextDestroyed()
11-Dec-2025 16:02:46.444 INFO [main] org.apache.catalina.core.ApplicationContext.log ContextListener: contextDestroyed()
