12-Nov-2025 19:00:01.460 INFO [main] org.apache.catalina.core.ApplicationContext.log ContextListener: contextInitialized()
12-Nov-2025 19:00:01.460 INFO [main] org.apache.catalina.core.ApplicationContext.log SessionListener: contextInitialized()
12-Nov-2025 19:00:01.460 INFO [main] org.apache.catalina.core.ApplicationContext.log ContextListener: attributeAdded('StockTicker', 'async.Stockticker@726386ed')
12-Nov-2025 19:15:38.581 INFO [main] org.apache.catalina.core.ApplicationContext.log SessionListener: contextDestroyed()
12-Nov-2025 19:15:38.581 INFO [main] org.apache.catalina.core.ApplicationContext.log ContextListener: contextDestroyed()
12-Nov-2025 19:16:10.423 INFO [main] org.apache.catalina.core.ApplicationContext.log ContextListener: contextInitialized()
12-Nov-2025 19:16:10.423 INFO [main] org.apache.catalina.core.ApplicationContext.log SessionListener: contextInitialized()
12-Nov-2025 19:16:10.423 INFO [main] org.apache.catalina.core.ApplicationContext.log ContextListener: attributeAdded('StockTicker', 'async.Stockticker@73393584')
12-Nov-2025 19:16:29.996 INFO [main] org.apache.catalina.core.ApplicationContext.log SessionListener: contextDestroyed()
12-Nov-2025 19:16:29.996 INFO [main] org.apache.catalina.core.ApplicationContext.log ContextListener: contextDestroyed()
12-Nov-2025 19:17:10.708 INFO [main] org.apache.catalina.core.ApplicationContext.log ContextListener: contextInitialized()
12-Nov-2025 19:17:10.708 INFO [main] org.apache.catalina.core.ApplicationContext.log SessionListener: contextInitialized()
12-Nov-2025 19:17:10.708 INFO [main] org.apache.catalina.core.ApplicationContext.log ContextListener: attributeAdded('StockTicker', 'async.Stockticker@32f61a31')
12-Nov-2025 19:19:06.481 INFO [main] org.apache.catalina.core.ApplicationContext.log SessionListener: contextDestroyed()
12-Nov-2025 19:19:06.481 INFO [main] org.apache.catalina.core.ApplicationContext.log ContextListener: contextDestroyed()
12-Nov-2025 19:19:32.846 INFO [main] org.apache.catalina.core.ApplicationContext.log ContextListener: contextInitialized()
12-Nov-2025 19:19:32.846 INFO [main] org.apache.catalina.core.ApplicationContext.log SessionListener: contextInitialized()
12-Nov-2025 19:19:32.847 INFO [main] org.apache.catalina.core.ApplicationContext.log ContextListener: attributeAdded('StockTicker', 'async.Stockticker@443dbe42')
12-Nov-2025 19:22:36.969 INFO [main] org.apache.catalina.core.ApplicationContext.log SessionListener: contextDestroyed()
12-Nov-2025 19:22:36.969 INFO [main] org.apache.catalina.core.ApplicationContext.log ContextListener: contextDestroyed()
12-Nov-2025 19:23:23.314 INFO [main] org.apache.catalina.core.ApplicationContext.log ContextListener: contextInitialized()
12-Nov-2025 19:23:23.314 INFO [main] org.apache.catalina.core.ApplicationContext.log SessionListener: contextInitialized()
12-Nov-2025 19:23:23.314 INFO [main] org.apache.catalina.core.ApplicationContext.log ContextListener: attributeAdded('StockTicker', 'async.Stockticker@32f61a31')
12-Nov-2025 19:56:10.835 INFO [main] org.apache.catalina.core.ApplicationContext.log SessionListener: contextDestroyed()
12-Nov-2025 19:56:10.835 INFO [main] org.apache.catalina.core.ApplicationContext.log ContextListener: contextDestroyed()
