13-Nov-2025 00:10:18.282 INFO [main] org.apache.catalina.core.ApplicationContext.log ContextListener: contextInitialized()
13-Nov-2025 00:10:18.282 INFO [main] org.apache.catalina.core.ApplicationContext.log SessionListener: contextInitialized()
13-Nov-2025 00:10:18.282 INFO [main] org.apache.catalina.core.ApplicationContext.log ContextListener: attributeAdded('StockTicker', 'async.Stockticker@fac80')
13-Nov-2025 00:11:22.529 INFO [main] org.apache.catalina.core.ApplicationContext.log SessionListener: contextDestroyed()
13-Nov-2025 00:11:22.529 INFO [main] org.apache.catalina.core.ApplicationContext.log ContextListener: contextDestroyed()
13-Nov-2025 09:59:07.316 INFO [main] org.apache.catalina.core.ApplicationContext.log ContextListener: contextInitialized()
13-Nov-2025 09:59:07.316 INFO [main] org.apache.catalina.core.ApplicationContext.log SessionListener: contextInitialized()
13-Nov-2025 09:59:07.316 INFO [main] org.apache.catalina.core.ApplicationContext.log ContextListener: attributeAdded('StockTicker', 'async.Stockticker@1a15b789')
13-Nov-2025 10:32:41.371 INFO [main] org.apache.catalina.core.ApplicationContext.log SessionListener: contextDestroyed()
13-Nov-2025 10:32:41.371 INFO [main] org.apache.catalina.core.ApplicationContext.log ContextListener: contextDestroyed()
13-Nov-2025 10:33:51.554 INFO [main] org.apache.catalina.core.ApplicationContext.log ContextListener: contextInitialized()
13-Nov-2025 10:33:51.554 INFO [main] org.apache.catalina.core.ApplicationContext.log SessionListener: contextInitialized()
13-Nov-2025 10:33:51.554 INFO [main] org.apache.catalina.core.ApplicationContext.log ContextListener: attributeAdded('StockTicker', 'async.Stockticker@32f61a31')
13-Nov-2025 10:37:10.831 INFO [main] org.apache.catalina.core.ApplicationContext.log SessionListener: contextDestroyed()
13-Nov-2025 10:37:10.831 INFO [main] org.apache.catalina.core.ApplicationContext.log ContextListener: contextDestroyed()
13-Nov-2025 10:37:16.532 INFO [main] org.apache.catalina.core.ApplicationContext.log ContextListener: contextInitialized()
13-Nov-2025 10:37:16.532 INFO [main] org.apache.catalina.core.ApplicationContext.log SessionListener: contextInitialized()
13-Nov-2025 10:37:16.532 INFO [main] org.apache.catalina.core.ApplicationContext.log ContextListener: attributeAdded('StockTicker', 'async.Stockticker@615f972')
13-Nov-2025 10:51:00.002 INFO [main] org.apache.catalina.core.ApplicationContext.log SessionListener: contextDestroyed()
13-Nov-2025 10:51:00.002 INFO [main] org.apache.catalina.core.ApplicationContext.log ContextListener: contextDestroyed()
13-Nov-2025 10:52:04.924 INFO [main] org.apache.catalina.core.ApplicationContext.log ContextListener: contextInitialized()
13-Nov-2025 10:52:04.924 INFO [main] org.apache.catalina.core.ApplicationContext.log SessionListener: contextInitialized()
13-Nov-2025 10:52:04.925 INFO [main] org.apache.catalina.core.ApplicationContext.log ContextListener: attributeAdded('StockTicker', 'async.Stockticker@473b3b7a')
13-Nov-2025 10:52:56.096 INFO [main] org.apache.catalina.core.ApplicationContext.log SessionListener: contextDestroyed()
13-Nov-2025 10:52:56.096 INFO [main] org.apache.catalina.core.ApplicationContext.log ContextListener: contextDestroyed()
13-Nov-2025 10:54:08.664 INFO [main] org.apache.catalina.core.ApplicationContext.log ContextListener: contextInitialized()
13-Nov-2025 10:54:08.664 INFO [main] org.apache.catalina.core.ApplicationContext.log SessionListener: contextInitialized()
13-Nov-2025 10:54:08.664 INFO [main] org.apache.catalina.core.ApplicationContext.log ContextListener: attributeAdded('StockTicker', 'async.Stockticker@73393584')
13-Nov-2025 10:58:00.350 INFO [main] org.apache.catalina.core.ApplicationContext.log SessionListener: contextDestroyed()
13-Nov-2025 10:58:00.350 INFO [main] org.apache.catalina.core.ApplicationContext.log ContextListener: contextDestroyed()
13-Nov-2025 10:59:21.692 INFO [main] org.apache.catalina.core.ApplicationContext.log ContextListener: contextInitialized()
13-Nov-2025 10:59:21.692 INFO [main] org.apache.catalina.core.ApplicationContext.log SessionListener: contextInitialized()
13-Nov-2025 10:59:21.692 INFO [main] org.apache.catalina.core.ApplicationContext.log ContextListener: attributeAdded('StockTicker', 'async.Stockticker@70eecdc2')
13-Nov-2025 11:01:25.686 INFO [main] org.apache.catalina.core.ApplicationContext.log SessionListener: contextDestroyed()
13-Nov-2025 11:01:25.686 INFO [main] org.apache.catalina.core.ApplicationContext.log ContextListener: contextDestroyed()
13-Nov-2025 11:02:01.812 INFO [main] org.apache.catalina.core.ApplicationContext.log ContextListener: contextInitialized()
13-Nov-2025 11:02:01.812 INFO [main] org.apache.catalina.core.ApplicationContext.log SessionListener: contextInitialized()
13-Nov-2025 11:02:01.813 INFO [main] org.apache.catalina.core.ApplicationContext.log ContextListener: attributeAdded('StockTicker', 'async.Stockticker@7544a1e4')
13-Nov-2025 13:27:33.435 INFO [main] org.apache.catalina.core.ApplicationContext.log SessionListener: contextDestroyed()
13-Nov-2025 13:27:33.435 INFO [main] org.apache.catalina.core.ApplicationContext.log ContextListener: contextDestroyed()
13-Nov-2025 13:27:53.866 INFO [main] org.apache.catalina.core.ApplicationContext.log ContextListener: contextInitialized()
13-Nov-2025 13:27:53.866 INFO [main] org.apache.catalina.core.ApplicationContext.log SessionListener: contextInitialized()
13-Nov-2025 13:27:53.866 INFO [main] org.apache.catalina.core.ApplicationContext.log ContextListener: attributeAdded('StockTicker', 'async.Stockticker@669253b7')
13-Nov-2025 14:08:44.516 INFO [main] org.apache.catalina.core.ApplicationContext.log SessionListener: contextDestroyed()
13-Nov-2025 14:08:44.516 INFO [main] org.apache.catalina.core.ApplicationContext.log ContextListener: contextDestroyed()
13-Nov-2025 14:09:47.127 INFO [main] org.apache.catalina.core.ApplicationContext.log ContextListener: contextInitialized()
13-Nov-2025 14:09:47.127 INFO [main] org.apache.catalina.core.ApplicationContext.log SessionListener: contextInitialized()
13-Nov-2025 14:09:47.127 INFO [main] org.apache.catalina.core.ApplicationContext.log ContextListener: attributeAdded('StockTicker', 'async.Stockticker@32f61a31')
13-Nov-2025 14:11:23.268 INFO [main] org.apache.catalina.core.ApplicationContext.log SessionListener: contextDestroyed()
13-Nov-2025 14:11:23.268 INFO [main] org.apache.catalina.core.ApplicationContext.log ContextListener: contextDestroyed()
13-Nov-2025 14:11:36.375 INFO [main] org.apache.catalina.core.ApplicationContext.log ContextListener: contextInitialized()
13-Nov-2025 14:11:36.375 INFO [main] org.apache.catalina.core.ApplicationContext.log SessionListener: contextInitialized()
13-Nov-2025 14:11:36.375 INFO [main] org.apache.catalina.core.ApplicationContext.log ContextListener: attributeAdded('StockTicker', 'async.Stockticker@669253b7')
13-Nov-2025 14:20:03.012 INFO [main] org.apache.catalina.core.ApplicationContext.log SessionListener: contextDestroyed()
13-Nov-2025 14:20:03.012 INFO [main] org.apache.catalina.core.ApplicationContext.log ContextListener: contextDestroyed()
13-Nov-2025 14:20:11.389 INFO [main] org.apache.catalina.core.ApplicationContext.log ContextListener: contextInitialized()
13-Nov-2025 14:20:11.389 INFO [main] org.apache.catalina.core.ApplicationContext.log SessionListener: contextInitialized()
13-Nov-2025 14:20:11.389 INFO [main] org.apache.catalina.core.ApplicationContext.log ContextListener: attributeAdded('StockTicker', 'async.Stockticker@615f972')
13-Nov-2025 14:23:59.693 INFO [main] org.apache.catalina.core.ApplicationContext.log SessionListener: contextDestroyed()
13-Nov-2025 14:23:59.693 INFO [main] org.apache.catalina.core.ApplicationContext.log ContextListener: contextDestroyed()
13-Nov-2025 14:24:02.423 INFO [main] org.apache.catalina.core.ApplicationContext.log ContextListener: contextInitialized()
13-Nov-2025 14:24:02.423 INFO [main] org.apache.catalina.core.ApplicationContext.log SessionListener: contextInitialized()
13-Nov-2025 14:24:02.424 INFO [main] org.apache.catalina.core.ApplicationContext.log ContextListener: attributeAdded('StockTicker', 'async.Stockticker@285f09de')
13-Nov-2025 14:24:10.797 INFO [main] org.apache.catalina.core.ApplicationContext.log SessionListener: contextDestroyed()
13-Nov-2025 14:24:10.797 INFO [main] org.apache.catalina.core.ApplicationContext.log ContextListener: contextDestroyed()
13-Nov-2025 14:24:21.742 INFO [main] org.apache.catalina.core.ApplicationContext.log ContextListener: contextInitialized()
13-Nov-2025 14:24:21.742 INFO [main] org.apache.catalina.core.ApplicationContext.log SessionListener: contextInitialized()
13-Nov-2025 14:24:21.742 INFO [main] org.apache.catalina.core.ApplicationContext.log ContextListener: attributeAdded('StockTicker', 'async.Stockticker@615f972')
13-Nov-2025 14:29:37.000 INFO [main] org.apache.catalina.core.ApplicationContext.log SessionListener: contextDestroyed()
13-Nov-2025 14:29:37.000 INFO [main] org.apache.catalina.core.ApplicationContext.log ContextListener: contextDestroyed()
13-Nov-2025 14:31:44.352 INFO [main] org.apache.catalina.core.ApplicationContext.log ContextListener: contextInitialized()
13-Nov-2025 14:31:44.352 INFO [main] org.apache.catalina.core.ApplicationContext.log SessionListener: contextInitialized()
13-Nov-2025 14:31:44.353 INFO [main] org.apache.catalina.core.ApplicationContext.log ContextListener: attributeAdded('StockTicker', 'async.Stockticker@1e11bc55')
13-Nov-2025 15:21:07.445 INFO [main] org.apache.catalina.core.ApplicationContext.log SessionListener: contextDestroyed()
13-Nov-2025 15:21:07.445 INFO [main] org.apache.catalina.core.ApplicationContext.log ContextListener: contextDestroyed()
13-Nov-2025 15:21:18.163 INFO [main] org.apache.catalina.core.ApplicationContext.log ContextListener: contextInitialized()
13-Nov-2025 15:21:18.163 INFO [main] org.apache.catalina.core.ApplicationContext.log SessionListener: contextInitialized()
13-Nov-2025 15:21:18.164 INFO [main] org.apache.catalina.core.ApplicationContext.log ContextListener: attributeAdded('StockTicker', 'async.Stockticker@600b0b7')
13-Nov-2025 15:22:04.522 INFO [main] org.apache.catalina.core.ApplicationContext.log SessionListener: contextDestroyed()
13-Nov-2025 15:22:04.522 INFO [main] org.apache.catalina.core.ApplicationContext.log ContextListener: contextDestroyed()
13-Nov-2025 15:22:11.363 INFO [main] org.apache.catalina.core.ApplicationContext.log ContextListener: contextInitialized()
13-Nov-2025 15:22:11.363 INFO [main] org.apache.catalina.core.ApplicationContext.log SessionListener: contextInitialized()
13-Nov-2025 15:22:11.364 INFO [main] org.apache.catalina.core.ApplicationContext.log ContextListener: attributeAdded('StockTicker', 'async.Stockticker@5bd1ceca')
13-Nov-2025 15:52:09.975 INFO [main] org.apache.catalina.core.ApplicationContext.log SessionListener: contextDestroyed()
13-Nov-2025 15:52:09.975 INFO [main] org.apache.catalina.core.ApplicationContext.log ContextListener: contextDestroyed()
13-Nov-2025 15:52:26.357 INFO [main] org.apache.catalina.core.ApplicationContext.log ContextListener: contextInitialized()
13-Nov-2025 15:52:26.357 INFO [main] org.apache.catalina.core.ApplicationContext.log SessionListener: contextInitialized()
13-Nov-2025 15:52:26.358 INFO [main] org.apache.catalina.core.ApplicationContext.log ContextListener: attributeAdded('StockTicker', 'async.Stockticker@77b7ffa4')
13-Nov-2025 16:00:26.442 INFO [main] org.apache.catalina.core.ApplicationContext.log SessionListener: contextDestroyed()
13-Nov-2025 16:00:26.442 INFO [main] org.apache.catalina.core.ApplicationContext.log ContextListener: contextDestroyed()
13-Nov-2025 16:00:37.230 INFO [main] org.apache.catalina.core.ApplicationContext.log ContextListener: contextInitialized()
13-Nov-2025 16:00:37.230 INFO [main] org.apache.catalina.core.ApplicationContext.log SessionListener: contextInitialized()
13-Nov-2025 16:00:37.230 INFO [main] org.apache.catalina.core.ApplicationContext.log ContextListener: attributeAdded('StockTicker', 'async.Stockticker@77b7ffa4')
13-Nov-2025 16:00:59.679 INFO [main] org.apache.catalina.core.ApplicationContext.log SessionListener: contextDestroyed()
13-Nov-2025 16:00:59.679 INFO [main] org.apache.catalina.core.ApplicationContext.log ContextListener: contextDestroyed()
13-Nov-2025 16:01:06.860 INFO [main] org.apache.catalina.core.ApplicationContext.log ContextListener: contextInitialized()
13-Nov-2025 16:01:06.860 INFO [main] org.apache.catalina.core.ApplicationContext.log SessionListener: contextInitialized()
13-Nov-2025 16:01:06.861 INFO [main] org.apache.catalina.core.ApplicationContext.log ContextListener: attributeAdded('StockTicker', 'async.Stockticker@65f87a2c')
13-Nov-2025 16:04:56.349 INFO [main] org.apache.catalina.core.ApplicationContext.log SessionListener: contextDestroyed()
13-Nov-2025 16:04:56.349 INFO [main] org.apache.catalina.core.ApplicationContext.log ContextListener: contextDestroyed()
