26-Nov-2025 16:58:42.585 INFO [main] org.apache.catalina.core.ApplicationContext.log ContextListener: contextInitialized()
26-Nov-2025 16:58:42.585 INFO [main] org.apache.catalina.core.ApplicationContext.log SessionListener: contextInitialized()
26-Nov-2025 16:58:42.585 INFO [main] org.apache.catalina.core.ApplicationContext.log ContextListener: attributeAdded('StockTicker', 'async.Stockticker@2555fff0')
26-Nov-2025 17:04:23.948 INFO [main] org.apache.catalina.core.ApplicationContext.log SessionListener: contextDestroyed()
26-Nov-2025 17:04:23.948 INFO [main] org.apache.catalina.core.ApplicationContext.log ContextListener: contextDestroyed()
26-Nov-2025 17:04:26.668 INFO [main] org.apache.catalina.core.ApplicationContext.log ContextListener: contextInitialized()
26-Nov-2025 17:04:26.668 INFO [main] org.apache.catalina.core.ApplicationContext.log SessionListener: contextInitialized()
26-Nov-2025 17:04:26.668 INFO [main] org.apache.catalina.core.ApplicationContext.log ContextListener: attributeAdded('StockTicker', 'async.Stockticker@2ef8a8c3')
26-Nov-2025 17:08:27.155 INFO [main] org.apache.catalina.core.ApplicationContext.log SessionListener: contextDestroyed()
26-Nov-2025 17:08:27.155 INFO [main] org.apache.catalina.core.ApplicationContext.log ContextListener: contextDestroyed()
26-Nov-2025 17:08:29.863 INFO [main] org.apache.catalina.core.ApplicationContext.log ContextListener: contextInitialized()
26-Nov-2025 17:08:29.863 INFO [main] org.apache.catalina.core.ApplicationContext.log SessionListener: contextInitialized()
26-Nov-2025 17:08:29.863 INFO [main] org.apache.catalina.core.ApplicationContext.log ContextListener: attributeAdded('StockTicker', 'async.Stockticker@24f43aa3')
26-Nov-2025 17:12:43.224 INFO [main] org.apache.catalina.core.ApplicationContext.log SessionListener: contextDestroyed()
26-Nov-2025 17:12:43.224 INFO [main] org.apache.catalina.core.ApplicationContext.log ContextListener: contextDestroyed()
26-Nov-2025 17:12:45.933 INFO [main] org.apache.catalina.core.ApplicationContext.log ContextListener: contextInitialized()
26-Nov-2025 17:12:45.933 INFO [main] org.apache.catalina.core.ApplicationContext.log SessionListener: contextInitialized()
26-Nov-2025 17:12:45.933 INFO [main] org.apache.catalina.core.ApplicationContext.log ContextListener: attributeAdded('StockTicker', 'async.Stockticker@649f2009')
26-Nov-2025 17:14:56.699 INFO [main] org.apache.catalina.core.ApplicationContext.log SessionListener: contextDestroyed()
26-Nov-2025 17:14:56.699 INFO [main] org.apache.catalina.core.ApplicationContext.log ContextListener: contextDestroyed()
