12-Nov-2025 19:00:00.930 INFO [main] org.apache.catalina.startup.VersionLoggerListener.log Имя версии сервера:    Apache Tomcat/9.0.112
12-Nov-2025 19:00:00.932 INFO [main] org.apache.catalina.startup.VersionLoggerListener.log Сервер собран:         Nov 6 2025 07:46:18 UTC
12-Nov-2025 19:00:00.933 INFO [main] org.apache.catalina.startup.VersionLoggerListener.log Номер версии сервера:  9.0.112.0
12-Nov-2025 19:00:00.933 INFO [main] org.apache.catalina.startup.VersionLoggerListener.log OS Name:               Mac OS X
12-Nov-2025 19:00:00.933 INFO [main] org.apache.catalina.startup.VersionLoggerListener.log Версия ОС:             15.6.1
12-Nov-2025 19:00:00.933 INFO [main] org.apache.catalina.startup.VersionLoggerListener.log Архитектура:           aarch64
12-Nov-2025 19:00:00.933 INFO [main] org.apache.catalina.startup.VersionLoggerListener.log Java Home:             /Users/plushavey/Library/Java/JavaVirtualMachines/corretto-23.0.2/Contents/Home
12-Nov-2025 19:00:00.933 INFO [main] org.apache.catalina.startup.VersionLoggerListener.log Версия JVM:            23.0.2+7-FR
12-Nov-2025 19:00:00.933 INFO [main] org.apache.catalina.startup.VersionLoggerListener.log Производитель JVM:     Amazon.com Inc.
12-Nov-2025 19:00:00.933 INFO [main] org.apache.catalina.startup.VersionLoggerListener.log CATALINA_BASE:         /Users/plushavey/Desktop/TP_Projects/WebServletV2/tomcat
12-Nov-2025 19:00:00.933 INFO [main] org.apache.catalina.startup.VersionLoggerListener.log CATALINA_HOME:         /Users/plushavey/Desktop/TP_Projects/WebServletV2/tomcat
12-Nov-2025 19:00:00.947 INFO [main] org.apache.catalina.startup.VersionLoggerListener.log Command line argument: --add-opens=java.base/java.lang=ALL-UNNAMED
12-Nov-2025 19:00:00.947 INFO [main] org.apache.catalina.startup.VersionLoggerListener.log Command line argument: --add-opens=java.base/java.lang.invoke=ALL-UNNAMED
12-Nov-2025 19:00:00.947 INFO [main] org.apache.catalina.startup.VersionLoggerListener.log Command line argument: --add-opens=java.base/java.lang.reflect=ALL-UNNAMED
12-Nov-2025 19:00:00.947 INFO [main] org.apache.catalina.startup.VersionLoggerListener.log Command line argument: --add-opens=java.base/java.io=ALL-UNNAMED
12-Nov-2025 19:00:00.947 INFO [main] org.apache.catalina.startup.VersionLoggerListener.log Command line argument: --add-opens=java.base/java.util=ALL-UNNAMED
12-Nov-2025 19:00:00.947 INFO [main] org.apache.catalina.startup.VersionLoggerListener.log Command line argument: --add-opens=java.base/java.util.concurrent=ALL-UNNAMED
12-Nov-2025 19:00:00.947 INFO [main] org.apache.catalina.startup.VersionLoggerListener.log Command line argument: --add-opens=java.rmi/sun.rmi.transport=ALL-UNNAMED
12-Nov-2025 19:00:00.947 INFO [main] org.apache.catalina.startup.VersionLoggerListener.log Command line argument: -Djava.util.logging.config.file=/Users/plushavey/Desktop/TP_Projects/WebServletV2/tomcat/conf/logging.properties
12-Nov-2025 19:00:00.947 INFO [main] org.apache.catalina.startup.VersionLoggerListener.log Command line argument: -Djava.util.logging.manager=org.apache.juli.ClassLoaderLogManager
12-Nov-2025 19:00:00.947 INFO [main] org.apache.catalina.startup.VersionLoggerListener.log Command line argument: -Djdk.tls.ephemeralDHKeySize=2048
12-Nov-2025 19:00:00.947 INFO [main] org.apache.catalina.startup.VersionLoggerListener.log Command line argument: -Djava.protocol.handler.pkgs=org.apache.catalina.webresources
12-Nov-2025 19:00:00.947 INFO [main] org.apache.catalina.startup.VersionLoggerListener.log Command line argument: -Dsun.io.useCanonCaches=false
12-Nov-2025 19:00:00.947 INFO [main] org.apache.catalina.startup.VersionLoggerListener.log Command line argument: -Dorg.apache.catalina.security.SecurityListener.UMASK=0027
12-Nov-2025 19:00:00.947 INFO [main] org.apache.catalina.startup.VersionLoggerListener.log Command line argument: -Dignore.endorsed.dirs=
12-Nov-2025 19:00:00.947 INFO [main] org.apache.catalina.startup.VersionLoggerListener.log Command line argument: -Dcatalina.base=/Users/plushavey/Desktop/TP_Projects/WebServletV2/tomcat
12-Nov-2025 19:00:00.947 INFO [main] org.apache.catalina.startup.VersionLoggerListener.log Command line argument: -Dcatalina.home=/Users/plushavey/Desktop/TP_Projects/WebServletV2/tomcat
12-Nov-2025 19:00:00.947 INFO [main] org.apache.catalina.startup.VersionLoggerListener.log Command line argument: -Djava.io.tmpdir=/Users/plushavey/Desktop/TP_Projects/WebServletV2/tomcat/temp
12-Nov-2025 19:00:00.955 INFO [main] org.apache.catalina.core.AprLifecycleListener.lifecycleEvent The Apache Tomcat Native library which allows using OpenSSL was not found on the java.library.path: [/Users/plushavey/Library/Java/Extensions:/Library/Java/Extensions:/Network/Library/Java/Extensions:/System/Library/Java/Extensions:/usr/lib/java:.]
12-Nov-2025 19:00:01.123 INFO [main] org.apache.coyote.AbstractProtocol.init Инициализация ProtocolHandler ["http-nio-8080"]
12-Nov-2025 19:00:01.138 INFO [main] org.apache.catalina.startup.Catalina.load Server initialization in [316] milliseconds
12-Nov-2025 19:00:01.156 INFO [main] org.apache.catalina.core.StandardService.startInternal Starting service [Catalina]
12-Nov-2025 19:00:01.156 INFO [main] org.apache.catalina.core.StandardEngine.startInternal Starting Servlet engine: [Apache Tomcat/9.0.112]
12-Nov-2025 19:00:01.163 INFO [main] org.apache.catalina.startup.HostConfig.deployWAR Deploying web application archive [/Users/plushavey/Desktop/TP_Projects/WebServletV2/tomcat/webapps/WebServletV2.war]
12-Nov-2025 19:00:01.328 INFO [main] org.apache.catalina.startup.HostConfig.deployWAR Deployment of web application archive [/Users/plushavey/Desktop/TP_Projects/WebServletV2/tomcat/webapps/WebServletV2.war] has finished in [163] ms
12-Nov-2025 19:00:01.328 INFO [main] org.apache.catalina.startup.HostConfig.deployDirectory Установка веб приложения в папку [/Users/plushavey/Desktop/TP_Projects/WebServletV2/tomcat/webapps/docs]
12-Nov-2025 19:00:01.341 INFO [main] org.apache.catalina.startup.HostConfig.deployDirectory Deployment of web application directory [/Users/plushavey/Desktop/TP_Projects/WebServletV2/tomcat/webapps/docs] has finished in [12] ms
12-Nov-2025 19:00:01.341 INFO [main] org.apache.catalina.startup.HostConfig.deployDirectory Установка веб приложения в папку [/Users/plushavey/Desktop/TP_Projects/WebServletV2/tomcat/webapps/manager]
12-Nov-2025 19:00:01.357 INFO [main] org.apache.catalina.startup.HostConfig.deployDirectory Deployment of web application directory [/Users/plushavey/Desktop/TP_Projects/WebServletV2/tomcat/webapps/manager] has finished in [16] ms
12-Nov-2025 19:00:01.357 INFO [main] org.apache.catalina.startup.HostConfig.deployDirectory Установка веб приложения в папку [/Users/plushavey/Desktop/TP_Projects/WebServletV2/tomcat/webapps/examples]
12-Nov-2025 19:00:01.463 INFO [main] org.apache.catalina.startup.HostConfig.deployDirectory Deployment of web application directory [/Users/plushavey/Desktop/TP_Projects/WebServletV2/tomcat/webapps/examples] has finished in [106] ms
12-Nov-2025 19:00:01.463 INFO [main] org.apache.catalina.startup.HostConfig.deployDirectory Установка веб приложения в папку [/Users/plushavey/Desktop/TP_Projects/WebServletV2/tomcat/webapps/ROOT]
12-Nov-2025 19:00:01.471 INFO [main] org.apache.catalina.startup.HostConfig.deployDirectory Deployment of web application directory [/Users/plushavey/Desktop/TP_Projects/WebServletV2/tomcat/webapps/ROOT] has finished in [8] ms
12-Nov-2025 19:00:01.471 INFO [main] org.apache.catalina.startup.HostConfig.deployDirectory Установка веб приложения в папку [/Users/plushavey/Desktop/TP_Projects/WebServletV2/tomcat/webapps/host-manager]
12-Nov-2025 19:00:01.481 INFO [main] org.apache.catalina.startup.HostConfig.deployDirectory Deployment of web application directory [/Users/plushavey/Desktop/TP_Projects/WebServletV2/tomcat/webapps/host-manager] has finished in [10] ms
12-Nov-2025 19:00:01.483 INFO [main] org.apache.coyote.AbstractProtocol.start Starting ProtocolHandler ["http-nio-8080"]
12-Nov-2025 19:00:01.487 INFO [main] org.apache.catalina.startup.Catalina.start Server startup in [348] milliseconds
12-Nov-2025 19:15:38.556 INFO [main] org.apache.catalina.core.StandardServer.await A valid shutdown command was received via the shutdown port. Stopping the Server instance.
12-Nov-2025 19:15:38.558 INFO [main] org.apache.coyote.AbstractProtocol.pause Pausing ProtocolHandler ["http-nio-8080"]
12-Nov-2025 19:15:38.562 INFO [main] org.apache.catalina.core.StandardService.stopInternal Stopping service [Catalina]
12-Nov-2025 19:15:38.586 INFO [main] org.apache.coyote.AbstractProtocol.stop Stopping ProtocolHandler ["http-nio-8080"]
12-Nov-2025 19:15:38.599 INFO [main] org.apache.coyote.AbstractProtocol.destroy Destroying ProtocolHandler ["http-nio-8080"]
12-Nov-2025 19:16:09.934 INFO [main] org.apache.catalina.startup.VersionLoggerListener.log Имя версии сервера:    Apache Tomcat/9.0.112
12-Nov-2025 19:16:09.936 INFO [main] org.apache.catalina.startup.VersionLoggerListener.log Сервер собран:         Nov 6 2025 07:46:18 UTC
12-Nov-2025 19:16:09.936 INFO [main] org.apache.catalina.startup.VersionLoggerListener.log Номер версии сервера:  9.0.112.0
12-Nov-2025 19:16:09.936 INFO [main] org.apache.catalina.startup.VersionLoggerListener.log OS Name:               Mac OS X
12-Nov-2025 19:16:09.936 INFO [main] org.apache.catalina.startup.VersionLoggerListener.log Версия ОС:             15.6.1
12-Nov-2025 19:16:09.936 INFO [main] org.apache.catalina.startup.VersionLoggerListener.log Архитектура:           aarch64
12-Nov-2025 19:16:09.936 INFO [main] org.apache.catalina.startup.VersionLoggerListener.log Java Home:             /Users/plushavey/Library/Java/JavaVirtualMachines/corretto-23.0.2/Contents/Home
12-Nov-2025 19:16:09.936 INFO [main] org.apache.catalina.startup.VersionLoggerListener.log Версия JVM:            23.0.2+7-FR
12-Nov-2025 19:16:09.936 INFO [main] org.apache.catalina.startup.VersionLoggerListener.log Производитель JVM:     Amazon.com Inc.
12-Nov-2025 19:16:09.936 INFO [main] org.apache.catalina.startup.VersionLoggerListener.log CATALINA_BASE:         /Users/plushavey/Desktop/TP_Projects/WebServletV2/tomcat
12-Nov-2025 19:16:09.936 INFO [main] org.apache.catalina.startup.VersionLoggerListener.log CATALINA_HOME:         /Users/plushavey/Desktop/TP_Projects/WebServletV2/tomcat
12-Nov-2025 19:16:09.943 INFO [main] org.apache.catalina.startup.VersionLoggerListener.log Command line argument: --add-opens=java.base/java.lang=ALL-UNNAMED
12-Nov-2025 19:16:09.944 INFO [main] org.apache.catalina.startup.VersionLoggerListener.log Command line argument: --add-opens=java.base/java.lang.invoke=ALL-UNNAMED
12-Nov-2025 19:16:09.944 INFO [main] org.apache.catalina.startup.VersionLoggerListener.log Command line argument: --add-opens=java.base/java.lang.reflect=ALL-UNNAMED
12-Nov-2025 19:16:09.944 INFO [main] org.apache.catalina.startup.VersionLoggerListener.log Command line argument: --add-opens=java.base/java.io=ALL-UNNAMED
12-Nov-2025 19:16:09.944 INFO [main] org.apache.catalina.startup.VersionLoggerListener.log Command line argument: --add-opens=java.base/java.util=ALL-UNNAMED
12-Nov-2025 19:16:09.944 INFO [main] org.apache.catalina.startup.VersionLoggerListener.log Command line argument: --add-opens=java.base/java.util.concurrent=ALL-UNNAMED
12-Nov-2025 19:16:09.944 INFO [main] org.apache.catalina.startup.VersionLoggerListener.log Command line argument: --add-opens=java.rmi/sun.rmi.transport=ALL-UNNAMED
12-Nov-2025 19:16:09.944 INFO [main] org.apache.catalina.startup.VersionLoggerListener.log Command line argument: -Djava.util.logging.config.file=/Users/plushavey/Desktop/TP_Projects/WebServletV2/tomcat/conf/logging.properties
12-Nov-2025 19:16:09.944 INFO [main] org.apache.catalina.startup.VersionLoggerListener.log Command line argument: -Djava.util.logging.manager=org.apache.juli.ClassLoaderLogManager
12-Nov-2025 19:16:09.944 INFO [main] org.apache.catalina.startup.VersionLoggerListener.log Command line argument: -Djdk.tls.ephemeralDHKeySize=2048
12-Nov-2025 19:16:09.944 INFO [main] org.apache.catalina.startup.VersionLoggerListener.log Command line argument: -Djava.protocol.handler.pkgs=org.apache.catalina.webresources
12-Nov-2025 19:16:09.944 INFO [main] org.apache.catalina.startup.VersionLoggerListener.log Command line argument: -Dsun.io.useCanonCaches=false
12-Nov-2025 19:16:09.944 INFO [main] org.apache.catalina.startup.VersionLoggerListener.log Command line argument: -Dorg.apache.catalina.security.SecurityListener.UMASK=0027
12-Nov-2025 19:16:09.944 INFO [main] org.apache.catalina.startup.VersionLoggerListener.log Command line argument: -Dignore.endorsed.dirs=
12-Nov-2025 19:16:09.944 INFO [main] org.apache.catalina.startup.VersionLoggerListener.log Command line argument: -Dcatalina.base=/Users/plushavey/Desktop/TP_Projects/WebServletV2/tomcat
12-Nov-2025 19:16:09.944 INFO [main] org.apache.catalina.startup.VersionLoggerListener.log Command line argument: -Dcatalina.home=/Users/plushavey/Desktop/TP_Projects/WebServletV2/tomcat
12-Nov-2025 19:16:09.944 INFO [main] org.apache.catalina.startup.VersionLoggerListener.log Command line argument: -Djava.io.tmpdir=/Users/plushavey/Desktop/TP_Projects/WebServletV2/tomcat/temp
12-Nov-2025 19:16:09.950 INFO [main] org.apache.catalina.core.AprLifecycleListener.lifecycleEvent The Apache Tomcat Native library which allows using OpenSSL was not found on the java.library.path: [/Users/plushavey/Library/Java/Extensions:/Library/Java/Extensions:/Network/Library/Java/Extensions:/System/Library/Java/Extensions:/usr/lib/java:.]
12-Nov-2025 19:16:10.109 INFO [main] org.apache.coyote.AbstractProtocol.init Инициализация ProtocolHandler ["http-nio-8080"]
12-Nov-2025 19:16:10.124 INFO [main] org.apache.catalina.startup.Catalina.load Server initialization in [291] milliseconds
12-Nov-2025 19:16:10.142 INFO [main] org.apache.catalina.core.StandardService.startInternal Starting service [Catalina]
12-Nov-2025 19:16:10.142 INFO [main] org.apache.catalina.core.StandardEngine.startInternal Starting Servlet engine: [Apache Tomcat/9.0.112]
12-Nov-2025 19:16:10.149 INFO [main] org.apache.catalina.startup.HostConfig.deployWAR Deploying web application archive [/Users/plushavey/Desktop/TP_Projects/WebServletV2/tomcat/webapps/WebServletV2.war]
12-Nov-2025 19:16:10.299 INFO [main] org.apache.catalina.startup.HostConfig.deployWAR Deployment of web application archive [/Users/plushavey/Desktop/TP_Projects/WebServletV2/tomcat/webapps/WebServletV2.war] has finished in [149] ms
12-Nov-2025 19:16:10.299 INFO [main] org.apache.catalina.startup.HostConfig.deployDirectory Установка веб приложения в папку [/Users/plushavey/Desktop/TP_Projects/WebServletV2/tomcat/webapps/docs]
12-Nov-2025 19:16:10.311 INFO [main] org.apache.catalina.startup.HostConfig.deployDirectory Deployment of web application directory [/Users/plushavey/Desktop/TP_Projects/WebServletV2/tomcat/webapps/docs] has finished in [12] ms
12-Nov-2025 19:16:10.311 INFO [main] org.apache.catalina.startup.HostConfig.deployDirectory Установка веб приложения в папку [/Users/plushavey/Desktop/TP_Projects/WebServletV2/tomcat/webapps/manager]
12-Nov-2025 19:16:10.327 INFO [main] org.apache.catalina.startup.HostConfig.deployDirectory Deployment of web application directory [/Users/plushavey/Desktop/TP_Projects/WebServletV2/tomcat/webapps/manager] has finished in [16] ms
12-Nov-2025 19:16:10.327 INFO [main] org.apache.catalina.startup.HostConfig.deployDirectory Установка веб приложения в папку [/Users/plushavey/Desktop/TP_Projects/WebServletV2/tomcat/webapps/examples]
12-Nov-2025 19:16:10.425 INFO [main] org.apache.catalina.startup.HostConfig.deployDirectory Deployment of web application directory [/Users/plushavey/Desktop/TP_Projects/WebServletV2/tomcat/webapps/examples] has finished in [98] ms
12-Nov-2025 19:16:10.425 INFO [main] org.apache.catalina.startup.HostConfig.deployDirectory Установка веб приложения в папку [/Users/plushavey/Desktop/TP_Projects/WebServletV2/tomcat/webapps/ROOT]
12-Nov-2025 19:16:10.433 INFO [main] org.apache.catalina.startup.HostConfig.deployDirectory Deployment of web application directory [/Users/plushavey/Desktop/TP_Projects/WebServletV2/tomcat/webapps/ROOT] has finished in [8] ms
12-Nov-2025 19:16:10.433 INFO [main] org.apache.catalina.startup.HostConfig.deployDirectory Установка веб приложения в папку [/Users/plushavey/Desktop/TP_Projects/WebServletV2/tomcat/webapps/host-manager]
12-Nov-2025 19:16:10.441 INFO [main] org.apache.catalina.startup.HostConfig.deployDirectory Deployment of web application directory [/Users/plushavey/Desktop/TP_Projects/WebServletV2/tomcat/webapps/host-manager] has finished in [8] ms
12-Nov-2025 19:16:10.443 INFO [main] org.apache.coyote.AbstractProtocol.start Starting ProtocolHandler ["http-nio-8080"]
12-Nov-2025 19:16:10.447 INFO [main] org.apache.catalina.startup.Catalina.start Server startup in [322] milliseconds
12-Nov-2025 19:16:29.984 INFO [main] org.apache.catalina.core.StandardServer.await A valid shutdown command was received via the shutdown port. Stopping the Server instance.
12-Nov-2025 19:16:29.984 INFO [main] org.apache.coyote.AbstractProtocol.pause Pausing ProtocolHandler ["http-nio-8080"]
12-Nov-2025 19:16:29.986 INFO [main] org.apache.catalina.core.StandardService.stopInternal Stopping service [Catalina]
12-Nov-2025 19:16:30.000 INFO [main] org.apache.coyote.AbstractProtocol.stop Stopping ProtocolHandler ["http-nio-8080"]
12-Nov-2025 19:16:30.011 INFO [main] org.apache.coyote.AbstractProtocol.destroy Destroying ProtocolHandler ["http-nio-8080"]
12-Nov-2025 19:17:10.203 INFO [main] org.apache.catalina.startup.VersionLoggerListener.log Имя версии сервера:    Apache Tomcat/9.0.112
12-Nov-2025 19:17:10.206 INFO [main] org.apache.catalina.startup.VersionLoggerListener.log Сервер собран:         Nov 6 2025 07:46:18 UTC
12-Nov-2025 19:17:10.206 INFO [main] org.apache.catalina.startup.VersionLoggerListener.log Номер версии сервера:  9.0.112.0
12-Nov-2025 19:17:10.206 INFO [main] org.apache.catalina.startup.VersionLoggerListener.log OS Name:               Mac OS X
12-Nov-2025 19:17:10.206 INFO [main] org.apache.catalina.startup.VersionLoggerListener.log Версия ОС:             15.6.1
12-Nov-2025 19:17:10.206 INFO [main] org.apache.catalina.startup.VersionLoggerListener.log Архитектура:           aarch64
12-Nov-2025 19:17:10.206 INFO [main] org.apache.catalina.startup.VersionLoggerListener.log Java Home:             /Users/plushavey/Library/Java/JavaVirtualMachines/corretto-23.0.2/Contents/Home
12-Nov-2025 19:17:10.206 INFO [main] org.apache.catalina.startup.VersionLoggerListener.log Версия JVM:            23.0.2+7-FR
12-Nov-2025 19:17:10.206 INFO [main] org.apache.catalina.startup.VersionLoggerListener.log Производитель JVM:     Amazon.com Inc.
12-Nov-2025 19:17:10.206 INFO [main] org.apache.catalina.startup.VersionLoggerListener.log CATALINA_BASE:         /Users/plushavey/Desktop/TP_Projects/WebServletV2/tomcat
12-Nov-2025 19:17:10.206 INFO [main] org.apache.catalina.startup.VersionLoggerListener.log CATALINA_HOME:         /Users/plushavey/Desktop/TP_Projects/WebServletV2/tomcat
12-Nov-2025 19:17:10.215 INFO [main] org.apache.catalina.startup.VersionLoggerListener.log Command line argument: --add-opens=java.base/java.lang=ALL-UNNAMED
12-Nov-2025 19:17:10.215 INFO [main] org.apache.catalina.startup.VersionLoggerListener.log Command line argument: --add-opens=java.base/java.lang.invoke=ALL-UNNAMED
12-Nov-2025 19:17:10.215 INFO [main] org.apache.catalina.startup.VersionLoggerListener.log Command line argument: --add-opens=java.base/java.lang.reflect=ALL-UNNAMED
12-Nov-2025 19:17:10.215 INFO [main] org.apache.catalina.startup.VersionLoggerListener.log Command line argument: --add-opens=java.base/java.io=ALL-UNNAMED
12-Nov-2025 19:17:10.215 INFO [main] org.apache.catalina.startup.VersionLoggerListener.log Command line argument: --add-opens=java.base/java.util=ALL-UNNAMED
12-Nov-2025 19:17:10.215 INFO [main] org.apache.catalina.startup.VersionLoggerListener.log Command line argument: --add-opens=java.base/java.util.concurrent=ALL-UNNAMED
12-Nov-2025 19:17:10.215 INFO [main] org.apache.catalina.startup.VersionLoggerListener.log Command line argument: --add-opens=java.rmi/sun.rmi.transport=ALL-UNNAMED
12-Nov-2025 19:17:10.215 INFO [main] org.apache.catalina.startup.VersionLoggerListener.log Command line argument: -Djava.util.logging.config.file=/Users/plushavey/Desktop/TP_Projects/WebServletV2/tomcat/conf/logging.properties
12-Nov-2025 19:17:10.215 INFO [main] org.apache.catalina.startup.VersionLoggerListener.log Command line argument: -Djava.util.logging.manager=org.apache.juli.ClassLoaderLogManager
12-Nov-2025 19:17:10.215 INFO [main] org.apache.catalina.startup.VersionLoggerListener.log Command line argument: -Djdk.tls.ephemeralDHKeySize=2048
12-Nov-2025 19:17:10.215 INFO [main] org.apache.catalina.startup.VersionLoggerListener.log Command line argument: -Djava.protocol.handler.pkgs=org.apache.catalina.webresources
12-Nov-2025 19:17:10.215 INFO [main] org.apache.catalina.startup.VersionLoggerListener.log Command line argument: -Dsun.io.useCanonCaches=false
12-Nov-2025 19:17:10.215 INFO [main] org.apache.catalina.startup.VersionLoggerListener.log Command line argument: -Dorg.apache.catalina.security.SecurityListener.UMASK=0027
12-Nov-2025 19:17:10.215 INFO [main] org.apache.catalina.startup.VersionLoggerListener.log Command line argument: -Dignore.endorsed.dirs=
12-Nov-2025 19:17:10.215 INFO [main] org.apache.catalina.startup.VersionLoggerListener.log Command line argument: -Dcatalina.base=/Users/plushavey/Desktop/TP_Projects/WebServletV2/tomcat
12-Nov-2025 19:17:10.215 INFO [main] org.apache.catalina.startup.VersionLoggerListener.log Command line argument: -Dcatalina.home=/Users/plushavey/Desktop/TP_Projects/WebServletV2/tomcat
12-Nov-2025 19:17:10.215 INFO [main] org.apache.catalina.startup.VersionLoggerListener.log Command line argument: -Djava.io.tmpdir=/Users/plushavey/Desktop/TP_Projects/WebServletV2/tomcat/temp
12-Nov-2025 19:17:10.221 INFO [main] org.apache.catalina.core.AprLifecycleListener.lifecycleEvent The Apache Tomcat Native library which allows using OpenSSL was not found on the java.library.path: [/Users/plushavey/Library/Java/Extensions:/Library/Java/Extensions:/Network/Library/Java/Extensions:/System/Library/Java/Extensions:/usr/lib/java:.]
12-Nov-2025 19:17:10.390 INFO [main] org.apache.coyote.AbstractProtocol.init Инициализация ProtocolHandler ["http-nio-8080"]
12-Nov-2025 19:17:10.404 INFO [main] org.apache.catalina.startup.Catalina.load Server initialization in [309] milliseconds
12-Nov-2025 19:17:10.422 INFO [main] org.apache.catalina.core.StandardService.startInternal Starting service [Catalina]
12-Nov-2025 19:17:10.422 INFO [main] org.apache.catalina.core.StandardEngine.startInternal Starting Servlet engine: [Apache Tomcat/9.0.112]
12-Nov-2025 19:17:10.429 INFO [main] org.apache.catalina.startup.HostConfig.deployWAR Deploying web application archive [/Users/plushavey/Desktop/TP_Projects/WebServletV2/tomcat/webapps/WebServletV2.war]
12-Nov-2025 19:17:10.436 INFO [main] org.apache.catalina.startup.ExpandWar.expand An expanded directory [/Users/plushavey/Desktop/TP_Projects/WebServletV2/tomcat/webapps/WebServletV2] was found with a last modified time that did not match the associated WAR. It will be deleted.
12-Nov-2025 19:17:10.585 INFO [main] org.apache.catalina.startup.HostConfig.deployWAR Deployment of web application archive [/Users/plushavey/Desktop/TP_Projects/WebServletV2/tomcat/webapps/WebServletV2.war] has finished in [154] ms
12-Nov-2025 19:17:10.585 INFO [main] org.apache.catalina.startup.HostConfig.deployDirectory Установка веб приложения в папку [/Users/plushavey/Desktop/TP_Projects/WebServletV2/tomcat/webapps/docs]
12-Nov-2025 19:17:10.596 INFO [main] org.apache.catalina.startup.HostConfig.deployDirectory Deployment of web application directory [/Users/plushavey/Desktop/TP_Projects/WebServletV2/tomcat/webapps/docs] has finished in [11] ms
12-Nov-2025 19:17:10.596 INFO [main] org.apache.catalina.startup.HostConfig.deployDirectory Установка веб приложения в папку [/Users/plushavey/Desktop/TP_Projects/WebServletV2/tomcat/webapps/manager]
12-Nov-2025 19:17:10.612 INFO [main] org.apache.catalina.startup.HostConfig.deployDirectory Deployment of web application directory [/Users/plushavey/Desktop/TP_Projects/WebServletV2/tomcat/webapps/manager] has finished in [16] ms
12-Nov-2025 19:17:10.612 INFO [main] org.apache.catalina.startup.HostConfig.deployDirectory Установка веб приложения в папку [/Users/plushavey/Desktop/TP_Projects/WebServletV2/tomcat/webapps/examples]
12-Nov-2025 19:17:10.710 INFO [main] org.apache.catalina.startup.HostConfig.deployDirectory Deployment of web application directory [/Users/plushavey/Desktop/TP_Projects/WebServletV2/tomcat/webapps/examples] has finished in [98] ms
12-Nov-2025 19:17:10.710 INFO [main] org.apache.catalina.startup.HostConfig.deployDirectory Установка веб приложения в папку [/Users/plushavey/Desktop/TP_Projects/WebServletV2/tomcat/webapps/ROOT]
12-Nov-2025 19:17:10.718 INFO [main] org.apache.catalina.startup.HostConfig.deployDirectory Deployment of web application directory [/Users/plushavey/Desktop/TP_Projects/WebServletV2/tomcat/webapps/ROOT] has finished in [8] ms
12-Nov-2025 19:17:10.718 INFO [main] org.apache.catalina.startup.HostConfig.deployDirectory Установка веб приложения в папку [/Users/plushavey/Desktop/TP_Projects/WebServletV2/tomcat/webapps/host-manager]
12-Nov-2025 19:17:10.726 INFO [main] org.apache.catalina.startup.HostConfig.deployDirectory Deployment of web application directory [/Users/plushavey/Desktop/TP_Projects/WebServletV2/tomcat/webapps/host-manager] has finished in [8] ms
12-Nov-2025 19:17:10.728 INFO [main] org.apache.coyote.AbstractProtocol.start Starting ProtocolHandler ["http-nio-8080"]
12-Nov-2025 19:17:10.732 INFO [main] org.apache.catalina.startup.Catalina.start Server startup in [326] milliseconds
12-Nov-2025 19:19:06.468 INFO [main] org.apache.catalina.core.StandardServer.await A valid shutdown command was received via the shutdown port. Stopping the Server instance.
12-Nov-2025 19:19:06.468 INFO [main] org.apache.coyote.AbstractProtocol.pause Pausing ProtocolHandler ["http-nio-8080"]
12-Nov-2025 19:19:06.471 INFO [main] org.apache.catalina.core.StandardService.stopInternal Stopping service [Catalina]
12-Nov-2025 19:19:06.485 INFO [main] org.apache.coyote.AbstractProtocol.stop Stopping ProtocolHandler ["http-nio-8080"]
12-Nov-2025 19:19:06.496 INFO [main] org.apache.coyote.AbstractProtocol.destroy Destroying ProtocolHandler ["http-nio-8080"]
12-Nov-2025 19:19:32.350 INFO [main] org.apache.catalina.startup.VersionLoggerListener.log Имя версии сервера:    Apache Tomcat/9.0.112
12-Nov-2025 19:19:32.353 INFO [main] org.apache.catalina.startup.VersionLoggerListener.log Сервер собран:         Nov 6 2025 07:46:18 UTC
12-Nov-2025 19:19:32.353 INFO [main] org.apache.catalina.startup.VersionLoggerListener.log Номер версии сервера:  9.0.112.0
12-Nov-2025 19:19:32.353 INFO [main] org.apache.catalina.startup.VersionLoggerListener.log OS Name:               Mac OS X
12-Nov-2025 19:19:32.353 INFO [main] org.apache.catalina.startup.VersionLoggerListener.log Версия ОС:             15.6.1
12-Nov-2025 19:19:32.353 INFO [main] org.apache.catalina.startup.VersionLoggerListener.log Архитектура:           aarch64
12-Nov-2025 19:19:32.353 INFO [main] org.apache.catalina.startup.VersionLoggerListener.log Java Home:             /Users/plushavey/Library/Java/JavaVirtualMachines/corretto-23.0.2/Contents/Home
12-Nov-2025 19:19:32.353 INFO [main] org.apache.catalina.startup.VersionLoggerListener.log Версия JVM:            23.0.2+7-FR
12-Nov-2025 19:19:32.353 INFO [main] org.apache.catalina.startup.VersionLoggerListener.log Производитель JVM:     Amazon.com Inc.
12-Nov-2025 19:19:32.353 INFO [main] org.apache.catalina.startup.VersionLoggerListener.log CATALINA_BASE:         /Users/plushavey/Desktop/TP_Projects/WebServletV2/tomcat
12-Nov-2025 19:19:32.353 INFO [main] org.apache.catalina.startup.VersionLoggerListener.log CATALINA_HOME:         /Users/plushavey/Desktop/TP_Projects/WebServletV2/tomcat
12-Nov-2025 19:19:32.361 INFO [main] org.apache.catalina.startup.VersionLoggerListener.log Command line argument: --add-opens=java.base/java.lang=ALL-UNNAMED
12-Nov-2025 19:19:32.361 INFO [main] org.apache.catalina.startup.VersionLoggerListener.log Command line argument: --add-opens=java.base/java.lang.invoke=ALL-UNNAMED
12-Nov-2025 19:19:32.361 INFO [main] org.apache.catalina.startup.VersionLoggerListener.log Command line argument: --add-opens=java.base/java.lang.reflect=ALL-UNNAMED
12-Nov-2025 19:19:32.361 INFO [main] org.apache.catalina.startup.VersionLoggerListener.log Command line argument: --add-opens=java.base/java.io=ALL-UNNAMED
12-Nov-2025 19:19:32.361 INFO [main] org.apache.catalina.startup.VersionLoggerListener.log Command line argument: --add-opens=java.base/java.util=ALL-UNNAMED
12-Nov-2025 19:19:32.361 INFO [main] org.apache.catalina.startup.VersionLoggerListener.log Command line argument: --add-opens=java.base/java.util.concurrent=ALL-UNNAMED
12-Nov-2025 19:19:32.361 INFO [main] org.apache.catalina.startup.VersionLoggerListener.log Command line argument: --add-opens=java.rmi/sun.rmi.transport=ALL-UNNAMED
12-Nov-2025 19:19:32.361 INFO [main] org.apache.catalina.startup.VersionLoggerListener.log Command line argument: -Djava.util.logging.config.file=/Users/plushavey/Desktop/TP_Projects/WebServletV2/tomcat/conf/logging.properties
12-Nov-2025 19:19:32.361 INFO [main] org.apache.catalina.startup.VersionLoggerListener.log Command line argument: -Djava.util.logging.manager=org.apache.juli.ClassLoaderLogManager
12-Nov-2025 19:19:32.361 INFO [main] org.apache.catalina.startup.VersionLoggerListener.log Command line argument: -Djdk.tls.ephemeralDHKeySize=2048
12-Nov-2025 19:19:32.361 INFO [main] org.apache.catalina.startup.VersionLoggerListener.log Command line argument: -Djava.protocol.handler.pkgs=org.apache.catalina.webresources
12-Nov-2025 19:19:32.361 INFO [main] org.apache.catalina.startup.VersionLoggerListener.log Command line argument: -Dsun.io.useCanonCaches=false
12-Nov-2025 19:19:32.361 INFO [main] org.apache.catalina.startup.VersionLoggerListener.log Command line argument: -Dorg.apache.catalina.security.SecurityListener.UMASK=0027
12-Nov-2025 19:19:32.361 INFO [main] org.apache.catalina.startup.VersionLoggerListener.log Command line argument: -Dignore.endorsed.dirs=
12-Nov-2025 19:19:32.361 INFO [main] org.apache.catalina.startup.VersionLoggerListener.log Command line argument: -Dcatalina.base=/Users/plushavey/Desktop/TP_Projects/WebServletV2/tomcat
12-Nov-2025 19:19:32.361 INFO [main] org.apache.catalina.startup.VersionLoggerListener.log Command line argument: -Dcatalina.home=/Users/plushavey/Desktop/TP_Projects/WebServletV2/tomcat
12-Nov-2025 19:19:32.361 INFO [main] org.apache.catalina.startup.VersionLoggerListener.log Command line argument: -Djava.io.tmpdir=/Users/plushavey/Desktop/TP_Projects/WebServletV2/tomcat/temp
12-Nov-2025 19:19:32.367 INFO [main] org.apache.catalina.core.AprLifecycleListener.lifecycleEvent The Apache Tomcat Native library which allows using OpenSSL was not found on the java.library.path: [/Users/plushavey/Library/Java/Extensions:/Library/Java/Extensions:/Network/Library/Java/Extensions:/System/Library/Java/Extensions:/usr/lib/java:.]
12-Nov-2025 19:19:32.535 INFO [main] org.apache.coyote.AbstractProtocol.init Инициализация ProtocolHandler ["http-nio-8080"]
12-Nov-2025 19:19:32.549 INFO [main] org.apache.catalina.startup.Catalina.load Server initialization in [303] milliseconds
12-Nov-2025 19:19:32.567 INFO [main] org.apache.catalina.core.StandardService.startInternal Starting service [Catalina]
12-Nov-2025 19:19:32.567 INFO [main] org.apache.catalina.core.StandardEngine.startInternal Starting Servlet engine: [Apache Tomcat/9.0.112]
12-Nov-2025 19:19:32.574 INFO [main] org.apache.catalina.startup.HostConfig.deployWAR Deploying web application archive [/Users/plushavey/Desktop/TP_Projects/WebServletV2/tomcat/webapps/WebServletV2.war]
12-Nov-2025 19:19:32.725 INFO [main] org.apache.catalina.startup.HostConfig.deployWAR Deployment of web application archive [/Users/plushavey/Desktop/TP_Projects/WebServletV2/tomcat/webapps/WebServletV2.war] has finished in [149] ms
12-Nov-2025 19:19:32.726 INFO [main] org.apache.catalina.startup.HostConfig.deployDirectory Установка веб приложения в папку [/Users/plushavey/Desktop/TP_Projects/WebServletV2/tomcat/webapps/docs]
12-Nov-2025 19:19:32.737 INFO [main] org.apache.catalina.startup.HostConfig.deployDirectory Deployment of web application directory [/Users/plushavey/Desktop/TP_Projects/WebServletV2/tomcat/webapps/docs] has finished in [12] ms
12-Nov-2025 19:19:32.737 INFO [main] org.apache.catalina.startup.HostConfig.deployDirectory Установка веб приложения в папку [/Users/plushavey/Desktop/TP_Projects/WebServletV2/tomcat/webapps/manager]
12-Nov-2025 19:19:32.752 INFO [main] org.apache.catalina.startup.HostConfig.deployDirectory Deployment of web application directory [/Users/plushavey/Desktop/TP_Projects/WebServletV2/tomcat/webapps/manager] has finished in [15] ms
12-Nov-2025 19:19:32.752 INFO [main] org.apache.catalina.startup.HostConfig.deployDirectory Установка веб приложения в папку [/Users/plushavey/Desktop/TP_Projects/WebServletV2/tomcat/webapps/examples]
12-Nov-2025 19:19:32.849 INFO [main] org.apache.catalina.startup.HostConfig.deployDirectory Deployment of web application directory [/Users/plushavey/Desktop/TP_Projects/WebServletV2/tomcat/webapps/examples] has finished in [97] ms
12-Nov-2025 19:19:32.849 INFO [main] org.apache.catalina.startup.HostConfig.deployDirectory Установка веб приложения в папку [/Users/plushavey/Desktop/TP_Projects/WebServletV2/tomcat/webapps/ROOT]
12-Nov-2025 19:19:32.856 INFO [main] org.apache.catalina.startup.HostConfig.deployDirectory Deployment of web application directory [/Users/plushavey/Desktop/TP_Projects/WebServletV2/tomcat/webapps/ROOT] has finished in [7] ms
12-Nov-2025 19:19:32.856 INFO [main] org.apache.catalina.startup.HostConfig.deployDirectory Установка веб приложения в папку [/Users/plushavey/Desktop/TP_Projects/WebServletV2/tomcat/webapps/host-manager]
12-Nov-2025 19:19:32.864 INFO [main] org.apache.catalina.startup.HostConfig.deployDirectory Deployment of web application directory [/Users/plushavey/Desktop/TP_Projects/WebServletV2/tomcat/webapps/host-manager] has finished in [8] ms
12-Nov-2025 19:19:32.866 INFO [main] org.apache.coyote.AbstractProtocol.start Starting ProtocolHandler ["http-nio-8080"]
12-Nov-2025 19:19:32.870 INFO [main] org.apache.catalina.startup.Catalina.start Server startup in [320] milliseconds
12-Nov-2025 19:22:36.950 INFO [main] org.apache.catalina.core.StandardServer.await A valid shutdown command was received via the shutdown port. Stopping the Server instance.
12-Nov-2025 19:22:36.951 INFO [main] org.apache.coyote.AbstractProtocol.pause Pausing ProtocolHandler ["http-nio-8080"]
12-Nov-2025 19:22:36.955 INFO [main] org.apache.catalina.core.StandardService.stopInternal Stopping service [Catalina]
12-Nov-2025 19:22:36.974 INFO [main] org.apache.coyote.AbstractProtocol.stop Stopping ProtocolHandler ["http-nio-8080"]
12-Nov-2025 19:22:36.979 INFO [main] org.apache.coyote.AbstractProtocol.destroy Destroying ProtocolHandler ["http-nio-8080"]
12-Nov-2025 19:23:22.803 INFO [main] org.apache.catalina.startup.VersionLoggerListener.log Имя версии сервера:    Apache Tomcat/9.0.112
12-Nov-2025 19:23:22.805 INFO [main] org.apache.catalina.startup.VersionLoggerListener.log Сервер собран:         Nov 6 2025 07:46:18 UTC
12-Nov-2025 19:23:22.806 INFO [main] org.apache.catalina.startup.VersionLoggerListener.log Номер версии сервера:  9.0.112.0
12-Nov-2025 19:23:22.806 INFO [main] org.apache.catalina.startup.VersionLoggerListener.log OS Name:               Mac OS X
12-Nov-2025 19:23:22.806 INFO [main] org.apache.catalina.startup.VersionLoggerListener.log Версия ОС:             15.6.1
12-Nov-2025 19:23:22.806 INFO [main] org.apache.catalina.startup.VersionLoggerListener.log Архитектура:           aarch64
12-Nov-2025 19:23:22.806 INFO [main] org.apache.catalina.startup.VersionLoggerListener.log Java Home:             /Users/plushavey/Library/Java/JavaVirtualMachines/corretto-23.0.2/Contents/Home
12-Nov-2025 19:23:22.806 INFO [main] org.apache.catalina.startup.VersionLoggerListener.log Версия JVM:            23.0.2+7-FR
12-Nov-2025 19:23:22.806 INFO [main] org.apache.catalina.startup.VersionLoggerListener.log Производитель JVM:     Amazon.com Inc.
12-Nov-2025 19:23:22.806 INFO [main] org.apache.catalina.startup.VersionLoggerListener.log CATALINA_BASE:         /Users/plushavey/Desktop/TP_Projects/WebServletV2/tomcat
12-Nov-2025 19:23:22.806 INFO [main] org.apache.catalina.startup.VersionLoggerListener.log CATALINA_HOME:         /Users/plushavey/Desktop/TP_Projects/WebServletV2/tomcat
12-Nov-2025 19:23:22.814 INFO [main] org.apache.catalina.startup.VersionLoggerListener.log Command line argument: --add-opens=java.base/java.lang=ALL-UNNAMED
12-Nov-2025 19:23:22.814 INFO [main] org.apache.catalina.startup.VersionLoggerListener.log Command line argument: --add-opens=java.base/java.lang.invoke=ALL-UNNAMED
12-Nov-2025 19:23:22.814 INFO [main] org.apache.catalina.startup.VersionLoggerListener.log Command line argument: --add-opens=java.base/java.lang.reflect=ALL-UNNAMED
12-Nov-2025 19:23:22.814 INFO [main] org.apache.catalina.startup.VersionLoggerListener.log Command line argument: --add-opens=java.base/java.io=ALL-UNNAMED
12-Nov-2025 19:23:22.814 INFO [main] org.apache.catalina.startup.VersionLoggerListener.log Command line argument: --add-opens=java.base/java.util=ALL-UNNAMED
12-Nov-2025 19:23:22.814 INFO [main] org.apache.catalina.startup.VersionLoggerListener.log Command line argument: --add-opens=java.base/java.util.concurrent=ALL-UNNAMED
12-Nov-2025 19:23:22.814 INFO [main] org.apache.catalina.startup.VersionLoggerListener.log Command line argument: --add-opens=java.rmi/sun.rmi.transport=ALL-UNNAMED
12-Nov-2025 19:23:22.814 INFO [main] org.apache.catalina.startup.VersionLoggerListener.log Command line argument: -Djava.util.logging.config.file=/Users/plushavey/Desktop/TP_Projects/WebServletV2/tomcat/conf/logging.properties
12-Nov-2025 19:23:22.814 INFO [main] org.apache.catalina.startup.VersionLoggerListener.log Command line argument: -Djava.util.logging.manager=org.apache.juli.ClassLoaderLogManager
12-Nov-2025 19:23:22.814 INFO [main] org.apache.catalina.startup.VersionLoggerListener.log Command line argument: -Djdk.tls.ephemeralDHKeySize=2048
12-Nov-2025 19:23:22.814 INFO [main] org.apache.catalina.startup.VersionLoggerListener.log Command line argument: -Djava.protocol.handler.pkgs=org.apache.catalina.webresources
12-Nov-2025 19:23:22.814 INFO [main] org.apache.catalina.startup.VersionLoggerListener.log Command line argument: -Dsun.io.useCanonCaches=false
12-Nov-2025 19:23:22.814 INFO [main] org.apache.catalina.startup.VersionLoggerListener.log Command line argument: -Dorg.apache.catalina.security.SecurityListener.UMASK=0027
12-Nov-2025 19:23:22.814 INFO [main] org.apache.catalina.startup.VersionLoggerListener.log Command line argument: -Dignore.endorsed.dirs=
12-Nov-2025 19:23:22.814 INFO [main] org.apache.catalina.startup.VersionLoggerListener.log Command line argument: -Dcatalina.base=/Users/plushavey/Desktop/TP_Projects/WebServletV2/tomcat
12-Nov-2025 19:23:22.814 INFO [main] org.apache.catalina.startup.VersionLoggerListener.log Command line argument: -Dcatalina.home=/Users/plushavey/Desktop/TP_Projects/WebServletV2/tomcat
12-Nov-2025 19:23:22.814 INFO [main] org.apache.catalina.startup.VersionLoggerListener.log Command line argument: -Djava.io.tmpdir=/Users/plushavey/Desktop/TP_Projects/WebServletV2/tomcat/temp
12-Nov-2025 19:23:22.820 INFO [main] org.apache.catalina.core.AprLifecycleListener.lifecycleEvent The Apache Tomcat Native library which allows using OpenSSL was not found on the java.library.path: [/Users/plushavey/Library/Java/Extensions:/Library/Java/Extensions:/Network/Library/Java/Extensions:/System/Library/Java/Extensions:/usr/lib/java:.]
12-Nov-2025 19:23:22.990 INFO [main] org.apache.coyote.AbstractProtocol.init Инициализация ProtocolHandler ["http-nio-8080"]
12-Nov-2025 19:23:23.004 INFO [main] org.apache.catalina.startup.Catalina.load Server initialization in [308] milliseconds
12-Nov-2025 19:23:23.022 INFO [main] org.apache.catalina.core.StandardService.startInternal Starting service [Catalina]
12-Nov-2025 19:23:23.022 INFO [main] org.apache.catalina.core.StandardEngine.startInternal Starting Servlet engine: [Apache Tomcat/9.0.112]
12-Nov-2025 19:23:23.029 INFO [main] org.apache.catalina.startup.HostConfig.deployWAR Deploying web application archive [/Users/plushavey/Desktop/TP_Projects/WebServletV2/tomcat/webapps/WebServletV2.war]
12-Nov-2025 19:23:23.036 INFO [main] org.apache.catalina.startup.ExpandWar.expand An expanded directory [/Users/plushavey/Desktop/TP_Projects/WebServletV2/tomcat/webapps/WebServletV2] was found with a last modified time that did not match the associated WAR. It will be deleted.
12-Nov-2025 19:23:23.185 INFO [main] org.apache.catalina.startup.HostConfig.deployWAR Deployment of web application archive [/Users/plushavey/Desktop/TP_Projects/WebServletV2/tomcat/webapps/WebServletV2.war] has finished in [154] ms
12-Nov-2025 19:23:23.185 INFO [main] org.apache.catalina.startup.HostConfig.deployDirectory Установка веб приложения в папку [/Users/plushavey/Desktop/TP_Projects/WebServletV2/tomcat/webapps/docs]
12-Nov-2025 19:23:23.198 INFO [main] org.apache.catalina.startup.HostConfig.deployDirectory Deployment of web application directory [/Users/plushavey/Desktop/TP_Projects/WebServletV2/tomcat/webapps/docs] has finished in [12] ms
12-Nov-2025 19:23:23.198 INFO [main] org.apache.catalina.startup.HostConfig.deployDirectory Установка веб приложения в папку [/Users/plushavey/Desktop/TP_Projects/WebServletV2/tomcat/webapps/manager]
12-Nov-2025 19:23:23.214 INFO [main] org.apache.catalina.startup.HostConfig.deployDirectory Deployment of web application directory [/Users/plushavey/Desktop/TP_Projects/WebServletV2/tomcat/webapps/manager] has finished in [16] ms
12-Nov-2025 19:23:23.215 INFO [main] org.apache.catalina.startup.HostConfig.deployDirectory Установка веб приложения в папку [/Users/plushavey/Desktop/TP_Projects/WebServletV2/tomcat/webapps/examples]
12-Nov-2025 19:23:23.316 INFO [main] org.apache.catalina.startup.HostConfig.deployDirectory Deployment of web application directory [/Users/plushavey/Desktop/TP_Projects/WebServletV2/tomcat/webapps/examples] has finished in [102] ms
12-Nov-2025 19:23:23.316 INFO [main] org.apache.catalina.startup.HostConfig.deployDirectory Установка веб приложения в папку [/Users/plushavey/Desktop/TP_Projects/WebServletV2/tomcat/webapps/ROOT]
12-Nov-2025 19:23:23.324 INFO [main] org.apache.catalina.startup.HostConfig.deployDirectory Deployment of web application directory [/Users/plushavey/Desktop/TP_Projects/WebServletV2/tomcat/webapps/ROOT] has finished in [8] ms
12-Nov-2025 19:23:23.324 INFO [main] org.apache.catalina.startup.HostConfig.deployDirectory Установка веб приложения в папку [/Users/plushavey/Desktop/TP_Projects/WebServletV2/tomcat/webapps/host-manager]
12-Nov-2025 19:23:23.332 INFO [main] org.apache.catalina.startup.HostConfig.deployDirectory Deployment of web application directory [/Users/plushavey/Desktop/TP_Projects/WebServletV2/tomcat/webapps/host-manager] has finished in [8] ms
12-Nov-2025 19:23:23.334 INFO [main] org.apache.coyote.AbstractProtocol.start Starting ProtocolHandler ["http-nio-8080"]
12-Nov-2025 19:23:23.338 INFO [main] org.apache.catalina.startup.Catalina.start Server startup in [333] milliseconds
12-Nov-2025 19:56:10.821 INFO [main] org.apache.catalina.core.StandardServer.await A valid shutdown command was received via the shutdown port. Stopping the Server instance.
12-Nov-2025 19:56:10.822 INFO [main] org.apache.coyote.AbstractProtocol.pause Pausing ProtocolHandler ["http-nio-8080"]
12-Nov-2025 19:56:10.825 INFO [main] org.apache.catalina.core.StandardService.stopInternal Stopping service [Catalina]
12-Nov-2025 19:56:10.840 INFO [main] org.apache.coyote.AbstractProtocol.stop Stopping ProtocolHandler ["http-nio-8080"]
12-Nov-2025 19:56:10.849 INFO [main] org.apache.coyote.AbstractProtocol.destroy Destroying ProtocolHandler ["http-nio-8080"]
